Godot Engine v4.6.1.stable.official.14d19694e - https://godotengine.org

RUN 32 STAGE 0 hp=100.0 at=(512.0, 416.0)
RUN 343 STAGE 1 hp=100.0 at=(756.2814, 563.3756)
RUN 504 INTERACT 1 hp=100.0 at=(571.7141, 441.6727)
RUN 541 STAGE 2 hp=100.0 at=(571.7141, 441.6727)
RUN 600 STEP 2 hp=100.0 at=(675.5861, 440.3999)
RUN 1200 STEP 3 hp=91.0 at=(1282.384, 362.583)
RUN 1420 INTERACT 4 hp=100.0 at=(1456.174, 281.9886)
RUN 1800 STEP 5 hp=82.0 at=(1610.352, 410.1704)
RUN 2400 STEP 5 hp=91.0 at=(1793.02, 364.4133)
RUN 3000 STEP 5 hp=67.0 at=(1964.87, 338.5605)
RUN 3370 INTERACT 6 hp=67.0 at=(1692.182, 674.9094)
RUN 3600 STEP 7 hp=67.0 at=(1752.879, 369.469)
RUN 3937 STAGE 3 hp=67.0 at=(2121.817, 439.3221)
RUN 3977 INTERACT 10 hp=67.0 at=(2189.073, 427.8669)
RUN 3979 STAGE 4 hp=100.0 at=(2189.073, 427.8669)
RUN 4156 INTERACT 11 hp=100.0 at=(1927.535, 557.9999)
RUN 4200 STEP 12 hp=100.0 at=(1987.847, 521.0897)
RUN 4800 STEP 12 hp=41.0 at=(2318.206, 448.1902)
RUN 5334 STAGE 5 hp=59.0 at=(2412.726, 349.6237)
RUN 5400 STEP 12 hp=59.0 at=(2348.979, 361.5027)
RUN 5482 INTERACT 12 hp=59.0 at=(2225.826, 419.1821)
RUN 5687 INTERACT 14 hp=100.0 at=(2226.79, 425.5461)
RUN 6000 STEP 16 hp=100.0 at=(2717.802, 439.5468)
RUN 6600 STEP 16 hp=87.0 at=(2756.735, 451.861)
RUN 7200 STEP 16 hp=87.0 at=(2759.281, 422.9149)
PLAYTHROUGH true
