Godot Engine v4.6.1.stable.official.14d19694e - https://godotengine.org

RUN 31 STAGE 0 hp=100.0 at=(512.0, 416.0)
RUN 322 STAGE 1 hp=100.0 at=(736.4443, 535.8719)
RUN 472 INTERACT 1 hp=100.0 at=(571.5863, 442.1094)
RUN 511 STAGE 2 hp=100.0 at=(571.5863, 442.1094)
RUN 600 STEP 2 hp=100.0 at=(729.458, 440.8366)
RUN 1200 STEP 3 hp=100.0 at=(1283.916, 370.4975)
RUN 1388 INTERACT 4 hp=100.0 at=(1455.289, 283.1957)
RUN 1800 STEP 5 hp=82.0 at=(1622.454, 392.4355)
RUN 2400 STEP 5 hp=81.0 at=(1739.481, 424.6725)
RUN 2593 INTERACT 6 hp=81.0 at=(1692.462, 674.7273)
RUN 3000 STEP 7 hp=81.0 at=(1850.795, 318.3172)
RUN 3600 STEP 7 hp=35.0 at=(1994.464, 345.2081)
RUN 4046 STAGE 3 hp=53.0 at=(2121.532, 437.9865)
RUN 4087 INTERACT 10 hp=53.0 at=(2189.533, 426.5313)
RUN 4088 STAGE 4 hp=100.0 at=(2189.533, 426.5313)
RUN 4200 STEP 11 hp=100.0 at=(2014.51, 486.3527)
RUN 4267 INTERACT 11 hp=100.0 at=(1926.722, 557.9371)
RUN 4800 STEP 12 hp=51.0 at=(2320.014, 411.5486)
RUN 5238 STAGE 5 hp=43.0 at=(2407.965, 479.551)
RUN 5388 INTERACT 12 hp=43.0 at=(2227.635, 425.0701)
RUN 5400 STEP 13 hp=100.0 at=(2240.363, 437.7981)
RUN 5591 INTERACT 14 hp=100.0 at=(2227.635, 425.0701)
RUN 6000 STEP 16 hp=87.0 at=(2746.129, 439.8514)
RUN 6600 STEP 16 hp=87.0 at=(2754.939, 449.4185)
RUN 7200 STEP 16 hp=57.0 at=(2783.667, 420.6225)
PLAYTHROUGH true
