Godot Engine v4.6.1.stable.official.14d19694e - https://godotengine.org

RUN 32 STAGE 0 hp=100.0 at=(512.0, 416.0)
RUN 343 STAGE 1 hp=100.0 at=(756.2814, 563.3756)
RUN 504 INTERACT 1 hp=100.0 at=(571.7141, 441.6727)
RUN 541 STAGE 2 hp=100.0 at=(571.7141, 441.6727)
RUN 600 STEP 2 hp=100.0 at=(675.5861, 440.3999)
RUN 1200 STEP 3 hp=91.0 at=(1282.384, 362.583)
RUN 1421 INTERACT 4 hp=100.0 at=(1456.174, 281.9886)
RUN 1800 STEP 5 hp=64.0 at=(1620.534, 406.9425)
RUN 2400 STEP 5 hp=69.0 at=(1787.827, 411.7236)
RUN 3000 STEP 5 hp=64.0 at=(1952.368, 323.0511)
RUN 3360 INTERACT 6 hp=64.0 at=(1693.023, 674.6502)
RUN 3600 STEP 7 hp=64.0 at=(1750.647, 372.2826)
RUN 3939 STAGE 3 hp=64.0 at=(2120.331, 437.7901)
RUN 3980 INTERACT 10 hp=64.0 at=(2188.859, 427.6077)
RUN 3981 STAGE 4 hp=100.0 at=(2188.859, 427.6077)
RUN 4159 INTERACT 11 hp=100.0 at=(1927.321, 557.7407)
RUN 4200 STEP 12 hp=100.0 at=(1982.234, 520.8305)
RUN 4800 STEP 12 hp=38.0 at=(2390.062, 383.6532)
RUN 5081 STAGE 5 hp=56.0 at=(2411.525, 473.9915)
RUN 5239 INTERACT 12 hp=56.0 at=(2227.287, 425.3516)
RUN 5400 STEP 14 hp=100.0 at=(2297.088, 439.3524)
RUN 5442 INTERACT 14 hp=100.0 at=(2227.287, 425.3516)
RUN 6000 STEP 16 hp=87.0 at=(2775.739, 417.6909)
RUN 6600 STEP 16 hp=87.0 at=(2764.284, 419.7382)
PLAYTHROUGH true
