Godot Engine v4.6.1.stable.official.14d19694e - https://godotengine.org

PASS hit_accept
PASS hit_fields
PASS hit_negative_rejected
PASS hit_nan_rejected
PASS native_hitbox_contract
PASS native_single_hit
PASS enemy_player_hostile
PASS player_ally_friendly
PASS friendly_damage_rejected
PASS enemy_enemy_friendly
PASS nearest_non_ren
PASS enemy_targets_ally
PASS boss_targets_ally
PASS dead_target_excluded
PASS neutral_excluded
PASS freed_target_pruned
PASS id_valid
PASS id_duplicate
PASS id_bad
PASS state_version
PASS state_roundtrip
PASS state_duplicate_rejected
PASS future_save_rejected
PASS negative_progress_rejected
PASS world_save_write
PASS world_disk_read
PASS world_backup_write
PASS world_backup_recovery
PASS bad_state_never_written
PASS backup_not_overwritten_by_corrupt_main
PASS legacy_v1_migration
PASS legacy_v2_roundtrip
PASS world_rejects_legacy_namespace
PASS animation_fixture_valid
PASS animation_bad_schema
PASS animation_bad_version
PASS animation_invalid_fps
PASS animation_invalid_pivot
PASS animation_invalid_frames
PASS animation_invalid_duration
PASS animation_invalid_loop
PASS animation_duplicate_id
PASS animation_event_bounds
PASS animation_texture_bounds
PASS session_no_narrative
PASS session_bad_checkpoint
PASS session_checkpoint_adapter
PASS session_reset_invalidates
PASS session_persistence
PASS session_region_contract
FOUNDATION_QA 50 PASS / 0 FAIL
