Godot Engine v4.6.1.stable.official.14d19694e - https://godotengine.org

RUN 31 STAGE 0 hp=100.0 at=(512.0, 416.0)
RUN 343 STAGE 1 hp=100.0 at=(752.9903, 569.0845)
RUN 505 INTERACT 1 hp=100.0 at=(571.5863, 442.2906)
RUN 541 STAGE 2 hp=100.0 at=(571.5863, 442.2906)
RUN 600 STEP 2 hp=100.0 at=(675.4584, 441.0178)
RUN 1200 STEP 3 hp=100.0 at=(1260.518, 439.4487)
RUN 1360 INTERACT 4 hp=100.0 at=(1455.803, 282.8947)
RUN 1800 STEP 5 hp=72.0 at=(1634.58, 361.0894)
RUN 2400 STEP 6 hp=71.0 at=(1657.384, 523.3535)
RUN 2498 INTERACT 6 hp=71.0 at=(1693.182, 674.5948)
RUN 3000 STEP 7 hp=58.0 at=(1849.003, 321.1466)
RUN 3600 STEP 7 hp=40.0 at=(1969.573, 329.7823)
RUN 3934 STAGE 3 hp=40.0 at=(2120.081, 437.8343)
RUN 3975 INTERACT 10 hp=40.0 at=(2188.61, 427.6519)
RUN 3976 STAGE 4 hp=100.0 at=(2188.61, 427.6519)
RUN 4154 INTERACT 11 hp=100.0 at=(1927.072, 557.7849)
RUN 4200 STEP 12 hp=100.0 at=(1990.984, 520.8747)
RUN 4800 STEP 12 hp=38.0 at=(2405.935, 380.1796)
RUN 5052 STAGE 5 hp=56.0 at=(2410.92, 473.0635)
RUN 5210 INTERACT 12 hp=56.0 at=(2226.154, 425.6964)
RUN 5400 STEP 14 hp=100.0 at=(2247.445, 430.7876)
RUN 5413 INTERACT 14 hp=100.0 at=(2226.154, 425.6964)
RUN 6000 STEP 16 hp=87.0 at=(2746.19, 437.0117)
RUN 6600 STEP 16 hp=87.0 at=(2733.123, 437.0117)
PLAYTHROUGH true
