Godot Engine v4.6.1.stable.official.14d19694e - https://godotengine.org

RUN 31 STAGE 0 hp=100.0 at=(512.0, 416.0)
RUN 343 STAGE 1 hp=100.0 at=(752.9903, 569.0845)
RUN 505 INTERACT 1 hp=100.0 at=(571.5863, 442.2906)
RUN 541 STAGE 2 hp=100.0 at=(571.5863, 442.2906)
RUN 600 STEP 2 hp=100.0 at=(675.4584, 441.0178)
RUN 1200 STEP 3 hp=91.0 at=(1282.807, 363.4962)
RUN 1420 INTERACT 4 hp=100.0 at=(1456.03, 281.8946)
RUN 1800 STEP 5 hp=82.0 at=(1621.577, 406.7534)
RUN 2400 STEP 5 hp=81.0 at=(1746.479, 437.4109)
RUN 2621 INTERACT 6 hp=81.0 at=(1692.787, 676.0718)
RUN 3000 STEP 7 hp=81.0 at=(1849.162, 321.4878)
RUN 3600 STEP 10 hp=86.0 at=(2039.729, 406.7357)
RUN 3654 STAGE 3 hp=86.0 at=(2121.202, 438.5556)
RUN 3694 INTERACT 10 hp=86.0 at=(2188.458, 427.1005)
RUN 3695 STAGE 4 hp=100.0 at=(2188.458, 427.1005)
RUN 3872 INTERACT 11 hp=100.0 at=(1928.72, 557.2335)
RUN 4200 STEP 12 hp=82.0 at=(2316.576, 419.8927)
RUN 4800 STEP 12 hp=49.0 at=(2397.515, 390.9383)
RUN 4836 STAGE 5 hp=67.0 at=(2397.515, 378.6882)
RUN 4977 INTERACT 12 hp=67.0 at=(2227.047, 417.9622)
RUN 5182 INTERACT 14 hp=100.0 at=(2227.483, 425.599)
RUN 6000 STEP 16 hp=87.0 at=(2772.123, 424.6136)
RUN 6600 STEP 16 hp=87.0 at=(2764.487, 423.9257)
PLAYTHROUGH true
