Godot Engine v4.6.1.stable.official.14d19694e - https://godotengine.org
OpenGL API 3.3.0 Core Profile Context 26.8.1.260810 - Compatibility - Using Device: ATI Technologies Inc. - AMD Radeon RX 7600

RUN 31 STAGE 0 hp=100.0 at=(512.0, 416.0)
RUN 318 STAGE 1 hp=100.0 at=(736.4443, 535.8719)
RUN 466 INTERACT 1 hp=100.0 at=(571.5863, 442.1094)
RUN 512 STAGE 2 hp=100.0 at=(571.5863, 442.1094)
RUN 600 STEP 2 hp=100.0 at=(729.458, 440.8366)
RUN 1200 STEP 4 hp=100.0 at=(1287.035, 402.8784)
RUN 1324 INTERACT 4 hp=100.0 at=(1456.027, 282.1812)
RUN 1800 STEP 5 hp=64.0 at=(1617.994, 414.2558)
RUN 2400 STEP 5 hp=69.0 at=(1886.104, 280.1648)
RUN 3000 STEP 5 hp=74.0 at=(1966.488, 327.1538)
RUN 3368 INTERACT 6 hp=74.0 at=(1692.812, 675.9395)
RUN 3600 STEP 7 hp=74.0 at=(1752.235, 371.0263)
RUN 3940 STAGE 3 hp=74.0 at=(2121.701, 437.8066)
RUN 3980 INTERACT 10 hp=74.0 at=(2188.43, 427.6242)
RUN 3982 STAGE 4 hp=100.0 at=(2188.43, 427.6242)
RUN 4158 INTERACT 11 hp=100.0 at=(1928.692, 557.7572)
RUN 4200 STEP 12 hp=100.0 at=(1985.404, 520.847)
RUN 4800 STEP 12 hp=49.0 at=(2392.386, 374.9439)
RUN 5201 STAGE 5 hp=44.0 at=(2415.899, 488.588)
RUN 5365 INTERACT 12 hp=44.0 at=(2226.661, 425.9473)
RUN 5400 STEP 13 hp=100.0 at=(2280.79, 438.6753)
RUN 5568 INTERACT 14 hp=100.0 at=(2227.189, 424.6745)
RUN 6000 STEP 16 hp=87.0 at=(2761.465, 437.2955)
RUN 6600 STEP 16 hp=87.0 at=(2767.642, 432.0833)
RUN 7200 STEP 16 hp=74.0 at=(2787.675, 435.6199)
PLAYTHROUGH true
