Godot Engine v4.6.1.stable.official.14d19694e - https://godotengine.org

RUN 32 STAGE 0 hp=100.0 at=(512.0, 416.0)
RUN 341 STAGE 1 hp=100.0 at=(756.2814, 563.3756)
RUN 503 INTERACT 1 hp=100.0 at=(571.7141, 441.6727)
RUN 541 STAGE 2 hp=100.0 at=(571.7141, 441.6727)
RUN 600 STEP 2 hp=100.0 at=(675.5861, 440.3999)
RUN 1200 STEP 3 hp=100.0 at=(1259.399, 439.3356)
RUN 1355 INTERACT 4 hp=100.0 at=(1455.43, 282.7816)
RUN 1800 STEP 5 hp=64.0 at=(1623.404, 383.8665)
RUN 2400 STEP 5 hp=59.0 at=(1825.532, 379.1122)
RUN 3000 STEP 5 hp=29.0 at=(1910.202, 309.3391)
RUN 3574 INTERACT 6 hp=34.0 at=(1692.435, 674.5245)
RUN 4149 STAGE 3 hp=34.0 at=(2120.27, 438.1916)
RUN 4190 INTERACT 10 hp=34.0 at=(2188.799, 428.0092)
RUN 4191 STAGE 4 hp=100.0 at=(2188.799, 428.0092)
RUN 4200 STEP 11 hp=100.0 at=(2178.617, 438.1916)
RUN 4369 INTERACT 11 hp=100.0 at=(1927.26, 558.1422)
RUN 4800 STEP 12 hp=69.0 at=(2319.839, 407.2597)
RUN 5400 STEP 12 hp=25.0 at=(2415.137, 488.4324)
RUN 5482 STAGE 5 hp=43.0 at=(2404.955, 492.2499)
RUN 5628 INTERACT 12 hp=43.0 at=(2226.208, 425.6407)
RUN 5833 INTERACT 14 hp=100.0 at=(2226.208, 425.6407)
RUN 6000 STEP 15 hp=100.0 at=(2517.416, 439.6414)
RUN 6600 STEP 16 hp=87.0 at=(2754.879, 406.1756)
RUN 7200 STEP 16 hp=87.0 at=(2758.698, 446.4488)
PLAYTHROUGH true
