Godot Engine v4.6.1.stable.official.14d19694e - https://godotengine.org

[   0% ] [90m[1mfirst_scan_filesystem[22m | Started Inicialização do Projeto (5 steps)[39m[0m
[   0% ] [90m[1mfirst_scan_filesystem[22m | Escaneando estrutura de arquivos...[39m[0m
[  16% ] [90m[1mfirst_scan_filesystem[22m | Carregando nomes de classe globais...[39m[0m
[  33% ] [90m[1mfirst_scan_filesystem[22m | Verificando GDExtensions...[39m[0m
[  50% ] [90m[1mfirst_scan_filesystem[22m | Criando scripts autoload...[39m[0m
[  66% ] [90m[1mfirst_scan_filesystem[22m | Inicializando plugins...[39m[0m
[  83% ] [90m[1mfirst_scan_filesystem[22m | Iniciando escaneamento de arquivos...[39m[0m
[92m[ DONE ][39m [1mfirst_scan_filesystem[22m
[0m
[   0% ] [90m[1msavepack[22m | Started Empacotando (102 steps)[39m[0m
[   1% ] [90m[1msavepack[22m | Armazenando Arquivo: res://.godot/imported/boss.wav-ddb6c7f6bdafc090efb2210b84ae8009.sample[39m[0m
[   1% ] [90m[1msavepack[22m | Armazenando Arquivo: res://assets/audio/boss.wav.import[39m[0m
[   2% ] [90m[1msavepack[22m | Armazenando Arquivo: res://.godot/imported/dash.wav-c732fa599cfe157dd4267b88c75a825a.sample[39m[0m
[   2% ] [90m[1msavepack[22m | Armazenando Arquivo: res://assets/audio/dash.wav.import[39m[0m
[   3% ] [90m[1msavepack[22m | Armazenando Arquivo: res://.godot/imported/heavy.wav-b44960f40ab9afd56645b4e74365eb6d.sample[39m[0m
[   3% ] [90m[1msavepack[22m | Armazenando Arquivo: res://assets/audio/heavy.wav.import[39m[0m
[   5% ] [90m[1msavepack[22m | Armazenando Arquivo: res://.godot/imported/hit.wav-96dc477cdf4a42f381370dba6e3f75ce.sample[39m[0m
[   5% ] [90m[1msavepack[22m | Armazenando Arquivo: res://assets/audio/hit.wav.import[39m[0m
[   6% ] [90m[1msavepack[22m | Armazenando Arquivo: res://.godot/imported/hurt.wav-e638edfaf88190ba3ffee0adc26b7375.sample[39m[0m
[   6% ] [90m[1msavepack[22m | Armazenando Arquivo: res://assets/audio/hurt.wav.import[39m[0m
[   7% ] [90m[1msavepack[22m | Armazenando Arquivo: res://.godot/imported/magic1.wav-7d780651679fe61ef6f393eb5f5019be.sample[39m[0m
[   7% ] [90m[1msavepack[22m | Armazenando Arquivo: res://assets/audio/magic1.wav.import[39m[0m
[   9% ] [90m[1msavepack[22m | Armazenando Arquivo: res://.godot/imported/magic2.wav-4d445a4afdbe4ef3744ba25eb990dfef.sample[39m[0m
[   9% ] [90m[1msavepack[22m | Armazenando Arquivo: res://assets/audio/magic2.wav.import[39m[0m
[  10% ] [90m[1msavepack[22m | Armazenando Arquivo: res://.godot/imported/perfect.wav-8906dfa6e53ecf32d8a434a79e5f7daa.sample[39m[0m
[  10% ] [90m[1msavepack[22m | Armazenando Arquivo: res://assets/audio/perfect.wav.import[39m[0m
[  11% ] [90m[1msavepack[22m | Armazenando Arquivo: res://.godot/imported/shrine.wav-272a37acbbb616112a6b4349523dacee.sample[39m[0m
[  11% ] [90m[1msavepack[22m | Armazenando Arquivo: res://assets/audio/shrine.wav.import[39m[0m
[  13% ] [90m[1msavepack[22m | Armazenando Arquivo: res://.godot/imported/slash.wav-c23cb59b0ceabbfe38a50714459d5291.sample[39m[0m
[  13% ] [90m[1msavepack[22m | Armazenando Arquivo: res://assets/audio/slash.wav.import[39m[0m
[  14% ] [90m[1msavepack[22m | Armazenando Arquivo: res://.godot/imported/ui.wav-d54e8bc37b8ccee18240932350cecc18.sample[39m[0m
[  14% ] [90m[1msavepack[22m | Armazenando Arquivo: res://assets/audio/ui.wav.import[39m[0m
[  15% ] [90m[1msavepack[22m | Armazenando Arquivo: res://.godot/imported/village.wav-5720b102c4f32d99d8508d16efeda328.sample[39m[0m
[  15% ] [90m[1msavepack[22m | Armazenando Arquivo: res://assets/audio/village.wav.import[39m[0m
[  17% ] [90m[1msavepack[22m | Armazenando Arquivo: res://.godot/imported/warn.wav-454c5f579c26c24560ff147f1239ae8b.sample[39m[0m
[  17% ] [90m[1msavepack[22m | Armazenando Arquivo: res://assets/audio/warn.wav.import[39m[0m
[  18% ] [90m[1msavepack[22m | Armazenando Arquivo: res://.godot/imported/enemies_atlas.png-f7dac801e4667b1dd40d678e4b29116b.ctex[39m[0m
[  18% ] [90m[1msavepack[22m | Armazenando Arquivo: res://assets/enemies_atlas.png.import[39m[0m
[  19% ] [90m[1msavepack[22m | Armazenando Arquivo: res://.godot/imported/jinzo_atlas.png-68f2d59a22f54507bf00232761394910.ctex[39m[0m
[  19% ] [90m[1msavepack[22m | Armazenando Arquivo: res://assets/jinzo_atlas.png.import[39m[0m
[  21% ] [90m[1msavepack[22m | Armazenando Arquivo: res://.godot/imported/props_atlas.png-2e43c2b22d4248c96a209d28fb08c4fe.ctex[39m[0m
[  21% ] [90m[1msavepack[22m | Armazenando Arquivo: res://assets/props_atlas.png.import[39m[0m
[  22% ] [90m[1msavepack[22m | Armazenando Arquivo: res://.godot/imported/ren_actions.png-83db594f1b53fd8e3757f1c7f81d0acd.ctex[39m[0m
[  22% ] [90m[1msavepack[22m | Armazenando Arquivo: res://assets/ren_actions.png.import[39m[0m
[  23% ] [90m[1msavepack[22m | Armazenando Arquivo: res://.godot/imported/ren_atlas.png-1a9f3c82204e6a6cbdbd60b2fbd5275a.ctex[39m[0m
[  23% ] [90m[1msavepack[22m | Armazenando Arquivo: res://assets/ren_atlas.png.import[39m[0m
[  25% ] [90m[1msavepack[22m | Armazenando Arquivo: res://.godot/imported/title.png-f520a0d529e74edf0d3ba77895c4527c.ctex[39m[0m
[  25% ] [90m[1msavepack[22m | Armazenando Arquivo: res://assets/title.png.import[39m[0m
[  26% ] [90m[1msavepack[22m | Armazenando Arquivo: res://.godot/exported/133200997/export-b31e67bea88d4ef8dbba650d26b1f017-altar.res[39m[0m
[  28% ] [90m[1msavepack[22m | Armazenando Arquivo: res://.godot/exported/133200997/export-8867e2b5f29af795b25ccf83322df3bf-boss_charge.res[39m[0m
[  29% ] [90m[1msavepack[22m | Armazenando Arquivo: res://.godot/exported/133200997/export-11853c6f2c5215ef0cb677e5cd129b57-boss_combo.res[39m[0m
[  30% ] [90m[1msavepack[22m | Armazenando Arquivo: res://.godot/exported/133200997/export-e6834645df9bbda94e755facd5c18bc3-boss_radial.res[39m[0m
[  32% ] [90m[1msavepack[22m | Armazenando Arquivo: res://.godot/exported/133200997/export-ed38f8eb49876609bbcab7df26ea6788-boss_spirit.res[39m[0m
[  33% ] [90m[1msavepack[22m | Armazenando Arquivo: res://.godot/exported/133200997/export-b65e477a609ceb1068fd6e408f64114e-boss_summon.res[39m[0m
[  33% ] [90m[1msavepack[22m | Armazenando Arquivo: res://.godot/exported/133200997/export-fbb37bfe07a41787b746eaa2b911c5cd-boss_wide.res[39m[0m
[  35% ] [90m[1msavepack[22m | Armazenando Arquivo: res://.godot/exported/133200997/export-f2d43e123f1ccf061b6e8ec003d5fed0-celestial.res[39m[0m
[  36% ] [90m[1msavepack[22m | Armazenando Arquivo: res://.godot/exported/133200997/export-02a39b6d26b53c97422b91d8269c5371-enemy_archer.res[39m[0m
[  37% ] [90m[1msavepack[22m | Armazenando Arquivo: res://.godot/exported/133200997/export-412eb6c73589c78044d4d7e0adf92cd7-enemy_heavy.res[39m[0m
[  39% ] [90m[1msavepack[22m | Armazenando Arquivo: res://.godot/exported/133200997/export-3692f0500c7776bf1c61143c259b8fb7-enemy_runner.res[39m[0m
[  40% ] [90m[1msavepack[22m | Armazenando Arquivo: res://.godot/exported/133200997/export-89c5c13b485814c1ba1e032cab0ad38b-enemy_seal.res[39m[0m
[  41% ] [90m[1msavepack[22m | Armazenando Arquivo: res://.godot/exported/133200997/export-1e41dc92b61f89131feaf061508a017c-enemy_slash.res[39m[0m
[  43% ] [90m[1msavepack[22m | Armazenando Arquivo: res://.godot/exported/133200997/export-da5c104f0c3f774c71b4b0bfd811420b-enemy_swordsman.res[39m[0m
[  44% ] [90m[1msavepack[22m | Armazenando Arquivo: res://.godot/exported/133200997/export-0f8d4581bd46498b2503036e838167c9-heavy_1.res[39m[0m
[  45% ] [90m[1msavepack[22m | Armazenando Arquivo: res://.godot/exported/133200997/export-538e28d9c6f60e90a75ded08bc04b9e8-heavy_2.res[39m[0m
[  47% ] [90m[1msavepack[22m | Armazenando Arquivo: res://.godot/exported/133200997/export-1c597a92bc95c2a4cd3bb38b5e25a524-heavy_3.res[39m[0m
[  48% ] [90m[1msavepack[22m | Armazenando Arquivo: res://.godot/exported/133200997/export-4f74aceeb6b4d2a6a338b086e9bb336b-light_1.res[39m[0m
[  50% ] [90m[1msavepack[22m | Armazenando Arquivo: res://.godot/exported/133200997/export-0647a3482447b4732612a348e45bc826-light_2.res[39m[0m
[  51% ] [90m[1msavepack[22m | Armazenando Arquivo: res://.godot/exported/133200997/export-997f5f7c76988b72b45568d9f805d4b4-light_3.res[39m[0m
[  52% ] [90m[1msavepack[22m | Armazenando Arquivo: res://.godot/exported/133200997/export-88edd2dd53a3d84ee63ef2d61747398e-memorial.res[39m[0m
[  54% ] [90m[1msavepack[22m | Armazenando Arquivo: res://.godot/exported/133200997/export-cd7a93819ccb52903fbd8f54385450d9-rupture.res[39m[0m
[  55% ] [90m[1msavepack[22m | Armazenando Arquivo: res://tests/settings_suite.gdc[39m[0m
[  56% ] [90m[1msavepack[22m | Armazenando Arquivo: res://.godot/exported/133200997/export-4a24720ee5e787dbe30abc634fa3679d-Main.scn[39m[0m
[  58% ] [90m[1msavepack[22m | Armazenando Arquivo: res://scripts/attack_data.gdc[39m[0m
[  59% ] [90m[1msavepack[22m | Armazenando Arquivo: res://scripts/audio_system.gdc[39m[0m
[  60% ] [90m[1msavepack[22m | Armazenando Arquivo: res://scripts/boss.gdc[39m[0m
[  62% ] [90m[1msavepack[22m | Armazenando Arquivo: res://scripts/boss_attack_data.gdc[39m[0m
[  63% ] [90m[1msavepack[22m | Armazenando Arquivo: res://scripts/catalog.gdc[39m[0m
[  64% ] [90m[1msavepack[22m | Armazenando Arquivo: res://scripts/encounters.gdc[39m[0m
[  66% ] [90m[1msavepack[22m | Armazenando Arquivo: res://scripts/enemy.gdc[39m[0m
[  66% ] [90m[1msavepack[22m | Armazenando Arquivo: res://scripts/enemy_data.gdc[39m[0m
[  67% ] [90m[1msavepack[22m | Armazenando Arquivo: res://scripts/fx.gdc[39m[0m
[  69% ] [90m[1msavepack[22m | Armazenando Arquivo: res://scripts/game.gdc[39m[0m
[  70% ] [90m[1msavepack[22m | Armazenando Arquivo: res://scripts/hitbox.gdc[39m[0m
[  71% ] [90m[1msavepack[22m | Armazenando Arquivo: res://scripts/hostile_effect.gdc[39m[0m
[  73% ] [90m[1msavepack[22m | Armazenando Arquivo: res://scripts/hurtbox.gdc[39m[0m
[  74% ] [90m[1msavepack[22m | Armazenando Arquivo: res://scripts/input_config.gdc[39m[0m
[  76% ] [90m[1msavepack[22m | Armazenando Arquivo: res://scripts/interaction.gdc[39m[0m
[  77% ] [90m[1msavepack[22m | Armazenando Arquivo: res://scripts/magic_data.gdc[39m[0m
[  78% ] [90m[1msavepack[22m | Armazenando Arquivo: res://scripts/player.gdc[39m[0m
[  80% ] [90m[1msavepack[22m | Armazenando Arquivo: res://scripts/progression.gdc[39m[0m
[  81% ] [90m[1msavepack[22m | Armazenando Arquivo: res://scripts/projectile.gdc[39m[0m
[  82% ] [90m[1msavepack[22m | Armazenando Arquivo: res://scripts/save_store.gdc[39m[0m
[  84% ] [90m[1msavepack[22m | Armazenando Arquivo: res://scripts/ui.gdc[39m[0m
[  85% ] [90m[1msavepack[22m | Armazenando Arquivo: res://scripts/upgrade_data.gdc[39m[0m
[  86% ] [90m[1msavepack[22m | Armazenando Arquivo: res://scripts/world.gdc[39m[0m
[  88% ] [90m[1msavepack[22m | Armazenando Arquivo: res://tests/advanced_suite.gdc[39m[0m
[  89% ] [90m[1msavepack[22m | Armazenando Arquivo: res://tests/audio_cleanup.gdc[39m[0m
[  90% ] [90m[1msavepack[22m | Armazenando Arquivo: res://tests/capture.gdc[39m[0m
[  92% ] [90m[1msavepack[22m | Armazenando Arquivo: res://tests/persistence_probe.gdc[39m[0m
[  93% ] [90m[1msavepack[22m | Armazenando Arquivo: res://tests/phase_capture.gdc[39m[0m
[  94% ] [90m[1msavepack[22m | Armazenando Arquivo: res://tests/phase_suite.gdc[39m[0m
[  96% ] [90m[1msavepack[22m | Armazenando Arquivo: res://tests/playthrough.gdc[39m[0m
[  97% ] [90m[1msavepack[22m | Armazenando Arquivo: res://tests/sample_suite.gdc[39m[0m
[  97% ] [90m[1msavepack[22m | Armazenando Arquivo: res://data/altar.tres.remap[39m[0m
[  97% ] [90m[1msavepack[22m | Armazenando Arquivo: res://data/boss_charge.tres.remap[39m[0m
[  97% ] [90m[1msavepack[22m | Armazenando Arquivo: res://data/boss_combo.tres.remap[39m[0m
[  97% ] [90m[1msavepack[22m | Armazenando Arquivo: res://data/boss_radial.tres.remap[39m[0m
[  97% ] [90m[1msavepack[22m | Armazenando Arquivo: res://data/boss_spirit.tres.remap[39m[0m
[  97% ] [90m[1msavepack[22m | Armazenando Arquivo: res://data/boss_summon.tres.remap[39m[0m
[  97% ] [90m[1msavepack[22m | Armazenando Arquivo: res://data/boss_wide.tres.remap[39m[0m
[  97% ] [90m[1msavepack[22m | Armazenando Arquivo: res://data/celestial.tres.remap[39m[0m
[  97% ] [90m[1msavepack[22m | Armazenando Arquivo: res://data/enemy_archer.tres.remap[39m[0m
[  97% ] [90m[1msavepack[22m | Armazenando Arquivo: res://data/enemy_heavy.tres.remap[39m[0m
[  97% ] [90m[1msavepack[22m | Armazenando Arquivo: res://data/enemy_runner.tres.remap[39m[0m
[  97% ] [90m[1msavepack[22m | Armazenando Arquivo: res://data/enemy_seal.tres.remap[39m[0m
[  97% ] [90m[1msavepack[22m | Armazenando Arquivo: res://data/enemy_slash.tres.remap[39m[0m
[  97% ] [90m[1msavepack[22m | Armazenando Arquivo: res://data/enemy_swordsman.tres.remap[39m[0m
[  97% ] [90m[1msavepack[22m | Armazenando Arquivo: res://data/heavy_1.tres.remap[39m[0m
[  97% ] [90m[1msavepack[22m | Armazenando Arquivo: res://data/heavy_2.tres.remap[39m[0m
[  97% ] [90m[1msavepack[22m | Armazenando Arquivo: res://data/heavy_3.tres.remap[39m[0m
[  97% ] [90m[1msavepack[22m | Armazenando Arquivo: res://data/light_1.tres.remap[39m[0m
[  97% ] [90m[1msavepack[22m | Armazenando Arquivo: res://data/light_2.tres.remap[39m[0m
[  97% ] [90m[1msavepack[22m | Armazenando Arquivo: res://data/light_3.tres.remap[39m[0m
[  97% ] [90m[1msavepack[22m | Armazenando Arquivo: res://data/memorial.tres.remap[39m[0m
[  97% ] [90m[1msavepack[22m | Armazenando Arquivo: res://data/rupture.tres.remap[39m[0m
[  97% ] [90m[1msavepack[22m | Armazenando Arquivo: res://tests/settings_suite.gd.remap[39m[0m
[  97% ] [90m[1msavepack[22m | Armazenando Arquivo: res://scenes/Main.tscn.remap[39m[0m
[  97% ] [90m[1msavepack[22m | Armazenando Arquivo: res://scripts/attack_data.gd.remap[39m[0m
[  97% ] [90m[1msavepack[22m | Armazenando Arquivo: res://scripts/audio_system.gd.remap[39m[0m
[  97% ] [90m[1msavepack[22m | Armazenando Arquivo: res://scripts/boss.gd.remap[39m[0m
[  97% ] [90m[1msavepack[22m | Armazenando Arquivo: res://scripts/boss_attack_data.gd.remap[39m[0m
[  97% ] [90m[1msavepack[22m | Armazenando Arquivo: res://scripts/catalog.gd.remap[39m[0m
[  97% ] [90m[1msavepack[22m | Armazenando Arquivo: res://scripts/encounters.gd.remap[39m[0m
[  97% ] [90m[1msavepack[22m | Armazenando Arquivo: res://scripts/enemy.gd.remap[39m[0m
[  97% ] [90m[1msavepack[22m | Armazenando Arquivo: res://scripts/enemy_data.gd.remap[39m[0m
[  97% ] [90m[1msavepack[22m | Armazenando Arquivo: res://scripts/fx.gd.remap[39m[0m
[  97% ] [90m[1msavepack[22m | Armazenando Arquivo: res://scripts/game.gd.remap[39m[0m
[  97% ] [90m[1msavepack[22m | Armazenando Arquivo: res://scripts/hitbox.gd.remap[39m[0m
[  97% ] [90m[1msavepack[22m | Armazenando Arquivo: res://scripts/hostile_effect.gd.remap[39m[0m
[  97% ] [90m[1msavepack[22m | Armazenando Arquivo: res://scripts/hurtbox.gd.remap[39m[0m
[  97% ] [90m[1msavepack[22m | Armazenando Arquivo: res://scripts/input_config.gd.remap[39m[0m
[  97% ] [90m[1msavepack[22m | Armazenando Arquivo: res://scripts/interaction.gd.remap[39m[0m
[  97% ] [90m[1msavepack[22m | Armazenando Arquivo: res://scripts/magic_data.gd.remap[39m[0m
[  97% ] [90m[1msavepack[22m | Armazenando Arquivo: res://scripts/player.gd.remap[39m[0m
[  97% ] [90m[1msavepack[22m | Armazenando Arquivo: res://scripts/progression.gd.remap[39m[0m
[  97% ] [90m[1msavepack[22m | Armazenando Arquivo: res://scripts/projectile.gd.remap[39m[0m
[  97% ] [90m[1msavepack[22m | Armazenando Arquivo: res://scripts/save_store.gd.remap[39m[0m
[  97% ] [90m[1msavepack[22m | Armazenando Arquivo: res://scripts/ui.gd.remap[39m[0m
[  97% ] [90m[1msavepack[22m | Armazenando Arquivo: res://scripts/upgrade_data.gd.remap[39m[0m
[  97% ] [90m[1msavepack[22m | Armazenando Arquivo: res://scripts/world.gd.remap[39m[0m
[  97% ] [90m[1msavepack[22m | Armazenando Arquivo: res://tests/advanced_suite.gd.remap[39m[0m
[  97% ] [90m[1msavepack[22m | Armazenando Arquivo: res://tests/audio_cleanup.gd.remap[39m[0m
[  97% ] [90m[1msavepack[22m | Armazenando Arquivo: res://tests/capture.gd.remap[39m[0m
[  97% ] [90m[1msavepack[22m | Armazenando Arquivo: res://tests/persistence_probe.gd.remap[39m[0m
[  97% ] [90m[1msavepack[22m | Armazenando Arquivo: res://tests/phase_capture.gd.remap[39m[0m
[  97% ] [90m[1msavepack[22m | Armazenando Arquivo: res://tests/phase_suite.gd.remap[39m[0m
[  97% ] [90m[1msavepack[22m | Armazenando Arquivo: res://tests/playthrough.gd.remap[39m[0m
[  97% ] [90m[1msavepack[22m | Armazenando Arquivo: res://tests/sample_suite.gd.remap[39m[0m
[  97% ] [90m[1msavepack[22m | Armazenando Arquivo: res://.godot/global_script_class_cache.cfg[39m[0m
[  97% ] [90m[1msavepack[22m | Armazenando Arquivo: res://.godot/uid_cache.bin[39m[0m
[  97% ] [90m[1msavepack[22m | Armazenando Arquivo: res://project.binary[39m[0m
[92m[ DONE ][39m [1msavepack[22m
[0m
