node:events:487
      throw er; // Unhandled 'error' event
      ^

Error: spawn chromium ENOENT
    at ChildProcess._handle.onexit (node:internal/child_process:287:19)
    at onErrorNT (node:internal/child_process:525:16)
    at process.processTicksAndRejections (node:internal/process/task_queues:90:21)
Emitted 'error' event on ChildProcess instance at:
    at ChildProcess._handle.onexit (node:internal/child_process:293:12)
    at onErrorNT (node:internal/child_process:525:16)
    at process.processTicksAndRejections (node:internal/process/task_queues:90:21) {
  errno: -4058,
  code: 'ENOENT',
  syscall: 'spawn chromium',
  path: 'chromium',
  spawnargs: [
    '--headless=new',
    '--disable-gpu',
    '--no-sandbox',
    '--remote-debugging-port=9777',
    '--user-data-dir=/tmp/amahara-logic',
    'about:blank'
  ]
}

Node.js v24.19.0
