Godot Engine v4.6.1.stable.official.14d19694e - https://godotengine.org

RUN 31 STAGE 0 hp=100.0 at=(512.0, 416.0)
RUN 322 STAGE 1 hp=100.0 at=(736.4443, 535.8719)
RUN 472 INTERACT 1 hp=100.0 at=(571.5863, 442.1094)
RUN 511 STAGE 2 hp=100.0 at=(571.5863, 442.1094)
RUN 600 STEP 2 hp=100.0 at=(729.458, 440.8366)
RUN 1200 STEP 3 hp=100.0 at=(1283.916, 370.4975)
RUN 1388 INTERACT 4 hp=100.0 at=(1455.289, 283.1957)
RUN 1800 STEP 5 hp=82.0 at=(1622.454, 392.4355)
RUN 2400 STEP 5 hp=81.0 at=(1739.481, 424.6725)
RUN 2593 INTERACT 6 hp=81.0 at=(1692.462, 674.7273)
RUN 3000 STEP 7 hp=81.0 at=(1850.793, 318.3197)
RUN 3600 STEP 7 hp=35.0 at=(1944.584, 347.6399)
RUN 4154 STAGE 3 hp=53.0 at=(2120.162, 437.7525)
RUN 4195 INTERACT 10 hp=53.0 at=(2188.691, 427.5701)
RUN 4196 STAGE 4 hp=100.0 at=(2188.691, 427.5701)
RUN 4200 STEP 11 hp=100.0 at=(2184.873, 431.3885)
RUN 4373 INTERACT 11 hp=100.0 at=(1928.953, 557.7031)
RUN 4800 STEP 12 hp=59.0 at=(2311.991, 424.0812)
RUN 5400 STEP 12 hp=23.0 at=(2415.353, 485.6632)
RUN 5425 STAGE 5 hp=41.0 at=(2415.353, 487.3299)
RUN 5588 INTERACT 12 hp=41.0 at=(2227.915, 424.6892)
RUN 5791 INTERACT 14 hp=100.0 at=(2227.915, 424.6892)
RUN 6600 STEP 16 hp=87.0 at=(2766.175, 440.4737)
RUN 7200 STEP 16 hp=87.0 at=(2764.902, 423.3674)
PLAYTHROUGH true
