Godot Engine v4.6.1.stable.official.14d19694e - https://godotengine.org

RUN 31 STAGE 0 hp=100.0 at=(512.0, 416.0)
RUN 343 STAGE 1 hp=100.0 at=(752.9903, 569.0845)
RUN 505 INTERACT 1 hp=100.0 at=(571.5863, 442.2906)
RUN 541 STAGE 2 hp=100.0 at=(571.5863, 442.2906)
RUN 600 STEP 2 hp=100.0 at=(675.4584, 441.0178)
RUN 1200 STEP 3 hp=100.0 at=(1259.245, 439.9759)
RUN 1359 INTERACT 4 hp=100.0 at=(1455.803, 282.1491)
RUN 1800 STEP 5 hp=64.0 at=(1610.677, 390.0582)
RUN 2400 STEP 5 hp=41.0 at=(1836.376, 380.4386)
RUN 3000 STEP 5 hp=49.0 at=(1863.115, 297.4419)
RUN 3303 INTERACT 6 hp=49.0 at=(1693.117, 674.5308)
RUN 3600 STEP 7 hp=49.0 at=(1793.489, 276.1612)
RUN 3876 STAGE 3 hp=49.0 at=(2121.697, 438.9434)
RUN 3916 INTERACT 10 hp=49.0 at=(2188.953, 427.4882)
RUN 3917 STAGE 4 hp=100.0 at=(2188.953, 427.4882)
RUN 4095 INTERACT 11 hp=100.0 at=(1927.415, 557.6212)
RUN 4200 STEP 12 hp=100.0 at=(2091.204, 505.4376)
RUN 4800 STEP 12 hp=69.0 at=(2438.06, 469.1545)
RUN 4963 STAGE 5 hp=87.0 at=(2400.667, 380.925)
RUN 5117 INTERACT 12 hp=87.0 at=(2226.82, 420.1406)
RUN 5321 INTERACT 14 hp=100.0 at=(2226.51, 425.2318)
RUN 5400 STEP 15 hp=100.0 at=(2359.313, 439.2326)
RUN 6000 STEP 16 hp=87.0 at=(2778.565, 409.1324)
RUN 6600 STEP 16 hp=87.0 at=(2772.202, 436.2307)
PLAYTHROUGH true
