Godot Engine v4.6.1.stable.official.14d19694e - https://godotengine.org

RUN 31 STAGE 0 hp=100.0 at=(512.0, 416.0)
RUN 322 STAGE 1 hp=100.0 at=(736.4443, 535.8719)
RUN 472 INTERACT 1 hp=100.0 at=(571.5863, 442.1094)
RUN 511 STAGE 2 hp=100.0 at=(571.5863, 442.1094)
RUN 600 STEP 2 hp=100.0 at=(729.458, 440.8366)
RUN 1200 STEP 4 hp=100.0 at=(1276.636, 404.6534)
RUN 1329 INTERACT 4 hp=100.0 at=(1456.12, 282.4649)
RUN 1800 STEP 5 hp=64.0 at=(1621.943, 382.1896)
RUN 2400 STEP 5 hp=63.0 at=(1842.725, 385.9538)
RUN 3000 STEP 6 hp=81.0 at=(1656.454, 618.2427)
RUN 3045 INTERACT 6 hp=81.0 at=(1692.103, 674.6099)
RUN 3600 STEP 10 hp=81.0 at=(2092.374, 417.9122)
RUN 3623 STAGE 3 hp=81.0 at=(2121.738, 438.277)
RUN 3663 INTERACT 10 hp=81.0 at=(2188.466, 428.0946)
RUN 3664 STAGE 4 hp=100.0 at=(2188.466, 428.0946)
RUN 3841 INTERACT 11 hp=100.0 at=(1928.201, 556.9548)
RUN 4200 STEP 12 hp=82.0 at=(2316.344, 409.4515)
RUN 4706 STAGE 5 hp=87.0 at=(2400.18, 380.0125)
RUN 4800 STEP 12 hp=87.0 at=(2315.76, 377.7405)
RUN 4859 INTERACT 12 hp=87.0 at=(2226.9, 418.0623)
RUN 5064 INTERACT 14 hp=100.0 at=(2227.863, 424.4263)
RUN 5400 STEP 16 hp=100.0 at=(2736.876, 438.4271)
RUN 6000 STEP 16 hp=87.0 at=(2766.119, 411.281)
PLAYTHROUGH true
