Godot Engine v4.6.1.stable.official.14d19694e - https://godotengine.org

RUN 31 STAGE 0 hp=100.0 at=(512.0, 416.0)
RUN 322 STAGE 1 hp=100.0 at=(736.4443, 535.8719)
RUN 472 INTERACT 1 hp=100.0 at=(571.5863, 442.1094)
RUN 511 STAGE 2 hp=100.0 at=(571.5863, 442.1094)
RUN 600 STEP 2 hp=100.0 at=(729.458, 440.8366)
RUN 1200 STEP 4 hp=100.0 at=(1278.436, 402.1078)
RUN 1327 INTERACT 4 hp=100.0 at=(1455.374, 282.4649)
RUN 1800 STEP 5 hp=64.0 at=(1621.668, 379.5231)
RUN 2400 STEP 5 hp=82.0 at=(1792.819, 416.1682)
RUN 3000 STEP 5 hp=82.0 at=(1949.448, 318.1426)
RUN 3516 INTERACT 6 hp=100.0 at=(1696.25, 663.2733)
RUN 3600 STEP 7 hp=100.0 at=(1657.485, 592.1099)
RUN 4085 STAGE 3 hp=100.0 at=(2120.612, 438.1769)
RUN 4126 INTERACT 10 hp=100.0 at=(2189.141, 427.9945)
RUN 4127 STAGE 4 hp=100.0 at=(2189.141, 427.9945)
RUN 4200 STEP 11 hp=100.0 at=(2070.612, 454.7233)
RUN 4304 INTERACT 11 hp=100.0 at=(1928.13, 557.6003)
RUN 4800 STEP 12 hp=59.0 at=(2329.982, 435.0711)
RUN 5173 STAGE 5 hp=51.0 at=(2418.879, 469.2608)
RUN 5336 INTERACT 12 hp=51.0 at=(2227.968, 424.4393)
RUN 5400 STEP 13 hp=100.0 at=(2333.77, 438.4401)
RUN 5537 INTERACT 14 hp=100.0 at=(2227.968, 424.4393)
RUN 6000 STEP 16 hp=87.0 at=(2772.417, 439.1613)
RUN 6600 STEP 16 hp=87.0 at=(2765.461, 436.6157)
RUN 7200 STEP 16 hp=74.0 at=(2798.934, 433.8942)
PLAYTHROUGH true
